$ bin/fm-issue-closure.sh --help
Best-effort post-merge verification that the issues a merged GitHub PR was
meant to close are actually closed, reporting - never auto-closing - any
GitHub issue left open despite a closing reference.

GitHub silently ignores some closing keywords even when the PR body carries a
verified one, so the work lands on the default branch and the issue stays open
with no error or signal. This re-derives the candidate issues the PR was meant
to close, checks each candidate's state, and prints a clear report naming the
PR and every still-open issue. It never closes anything: closing an issue on
inferred evidence is an outward-facing human decision, and a wrong auto-close
is worse than an open issue.

It is best-effort and never blocks its caller: it always exits 0. A lookup
failure (network down, gh error, missing issue) is reported on stderr and the
merge is left unaffected. GitLab merge requests are out of scope and exit
silently; the measured failure mode is GitHub-specific.

Candidate issue numbers are unioned and deduplicated, scoped to the PR's own
repository, from the PR body and GitHub's references:
  - the PR body, parsed for GitHub's closing-keyword grammar
    (close[sd]|fix(es|ed)?|resolve[ds]), optionally followed by a colon, then
    #N, owner/repo#N, or a full issue URL. GitHub may have silently ignored
    exactly these keywords.
  - GitHub's closingIssuesReferences for the PR, which captures references
    GitHub linked from commit messages even when the PR body is bare.
  - the task brief (--brief <path>), parsed with the same grammar, as a fallback
    for work whose PR body carried no parseable reference at all.
Issues and pull requests share one number space, so a candidate that resolves
to a pull request is skipped silently: it is not an issue to verify.
Usage: fm-issue-closure.sh <pr-url> [--brief <brief-path>]
